[28-Mar-2025 21:58:50 UTC] [2025-03-28 21:58:50] RAW POST DATA: {"order_id":0}
[28-Mar-2025 21:58:50 UTC] [2025-03-28 21:58:50] ERROR: Invalid order_id received: {"order_id":0}
[28-Mar-2025 22:00:16 UTC] [2025-03-28 22:00:16] RAW POST DATA: {"order_id":0}
[28-Mar-2025 22:00:16 UTC] [2025-03-28 22:00:16] ERROR: Invalid order_id received: {"order_id":0}
[28-Mar-2025 22:04:34 UTC] [2025-03-28 22:04:34] RAW POST DATA: {"order_id":2}
[28-Mar-2025 22:04:59 UTC] [2025-03-28 22:04:59] RAW POST DATA: {"order_id":3}
[28-Mar-2025 22:05:16 UTC] [2025-03-28 22:05:16] RAW POST DATA: {"order_id":1}
[28-Mar-2025 22:05:39 UTC] [2025-03-28 22:05:39] RAW POST DATA: {"order_id":4}
[28-Mar-2025 22:05:55 UTC] [2025-03-28 22:05:55] RAW POST DATA: {"order_id":5}
[28-Mar-2025 22:06:42 UTC] [2025-03-28 22:06:42] RAW POST DATA: {"order_id":6}
[28-Mar-2025 22:08:10 UTC] [2025-03-28 22:08:10] RAW POST DATA: {"order_id":7}
[28-Mar-2025 22:08:40 UTC] [2025-03-28 22:08:40] RAW POST DATA: {"order_id":8}
[28-Mar-2025 22:09:19 UTC] [2025-03-28 22:09:19] RAW POST DATA: {"order_id":9}
[28-Mar-2025 22:09:55 UTC] [2025-03-28 22:09:55] RAW POST DATA: {"order_id":10}
[28-Mar-2025 22:19:34 UTC] [2025-03-28 22:19:34] RAW POST DATA: {"order_id":11}
[27-Apr-2025 00:12:58 UTC] [2025-04-27 00:12:58] RAW POST DATA: {"order_id":"TEMP_ID_1745712731444"}
[27-Apr-2025 00:12:58 UTC] [2025-04-27 00:12:58] RAW POST DATA: {"order_id":"TEMP_ID_1745712731444"}
[27-Apr-2025 00:12:58 UTC] [2025-04-27 00:12:58] ERROR: Invalid order_id received: {"order_id":"TEMP_ID_1745712731444"}
[27-Apr-2025 00:12:58 UTC] [2025-04-27 00:12:58] ERROR: Invalid order_id received: {"order_id":"TEMP_ID_1745712731444"}
[27-Apr-2025 00:13:13 UTC] [2025-04-27 00:13:13] RAW POST DATA: {"order_id":"TEMP_ID_1745712731444"}
[27-Apr-2025 00:13:13 UTC] [2025-04-27 00:13:13] ERROR: Invalid order_id received: {"order_id":"TEMP_ID_1745712731444"}
[27-Apr-2025 00:14:08 UTC] [2025-04-27 00:14:08] RAW POST DATA: {"order_id":"TEMP_ID_1745712838441"}
[27-Apr-2025 00:14:08 UTC] [2025-04-27 00:14:08] ERROR: Invalid order_id received: {"order_id":"TEMP_ID_1745712838441"}
[27-Apr-2025 00:25:40 UTC] [2025-04-27 00:25:40] RAW POST DATA: {"clear_all":true}
[27-Apr-2025 00:25:58 UTC] [2025-04-27 00:25:58] RAW POST DATA: {"clear_all":true}
[27-Apr-2025 00:26:27 UTC] [2025-04-27 00:26:27] RAW POST DATA: {"clear_all":true}
[27-Apr-2025 00:26:43 UTC] [2025-04-27 00:26:43] RAW POST DATA: {"clear_all":true}
[27-Apr-2025 00:26:58 UTC] [2025-04-27 00:26:58] RAW POST DATA: {"clear_all":true}
[27-Apr-2025 00:32:04 UTC] [2025-04-27 00:32:04] RAW POST DATA: {"clear_all":true}
[10-May-2025 10:20:34 UTC] [2025-05-10 10:20:34] RAW POST DATA: {"order_id":18}
[10-May-2025 10:37:03 UTC] [2025-05-10 10:37:03] RAW POST DATA: {"clear_all":true}
